209_OlympicsHiddenCosts/data/tower_hamlets_ukhpi.csv
"Name","URI","Region GSS code","Period","Sales volume","Reporting period","Average price All property types","Average price Detached houses","Average price Semi-detached houses","Average price Terraced houses","Average price Flats and maisonettes","Pivotable date"
Tower Hamlets,http://landregistry.data.gov.uk/id/region/tower-hamlets,E09000030,2000-01,328,monthly,140730,226429,177401,169943,137696,2000-01-01
Tower Hamlets,http://landregistry.data.gov.uk/id/region/tower-hamlets,E09000030,2000-02,352,monthly,141399,227340,178265,170631,138355,2000-02-01
Tower Hamlets,http://landregistry.data.gov.uk/id/region/tower-hamlets,E09000030,2000-03,468,monthly,142782,232428,181650,173537,139516,2000-03-01
Tower Hamlets,http://landregistry.data.gov.uk/id/region/tower-hamlets,E09000030,2000-04,479,monthly,149384,240393,188148,180963,146049,2000-04-01
Tower Hamlets,http://landregistry.data.gov.uk/id/region/tower-hamlets,E09000030,2000-05,503,monthly,156016,249481,195538,188641,152580,2000-05-01
Tower Hamlets,http://landregistry.data.gov.uk/id/region/tower-hamlets,E09000030,2000-06,493,monthly,160503,254208,199601,193061,157088,2000-06-01
Tower Hamlets,http://landregistry.data.gov.uk/id/region/tower-hamlets,E09000030,2000-07,530,monthly,160435,257564,200872,193412,156960,2000-07-01
Tower Hamlets,http://landregistry.data.gov.uk/id/region/tower-hamlets,E09000030,2000-08,350,monthly,159928,256052,199351,191536,156605,2000-08-01
Tower Hamlets,http://landregistry.data.gov.uk/id/region/tower-hamlets,E09000030,2000-09,395,monthly,161232,260086,200701,192386,157955,2000-09-01
Tower Hamlets,http://landregistry.data.gov.uk/id/region/tower-hamlets,E09000030,2000-10,342,monthly,161371,257300,200141,191208,158242,2000-10-01
Tower Hamlets,http://landregistry.data.gov.uk/id/region/tower-hamlets,E09000030,2000-11,357,monthly,164993,264086,204161,194767,161873,2000-11-01
Tower Hamlets,http://landregistry.data.gov.uk/id/region/tower-hamlets,E09000030,2000-12,429,monthly,162384,255799,199401,190223,159489,2000-12-01
Tower Hamlets,http://landregistry.data.gov.uk/id/region/tower-hamlets,E09000030,2001-01,322,monthly,164827,259970,201523,192903,161914,2001-01-01
Tower Hamlets,http://landregistry.data.gov.uk/id/region/tower-hamlets,E09000030,2001-02,385,monthly,163852,258336,200248,191993,160944,2001-02-01
Tower Hamlets,http://landregistry.data.gov.uk/id/region/tower-hamlets,E09000030,2001-03,425,monthly,169921,270550,209202,200147,166782,2001-03-01
Tower Hamlets,http://landregistry.data.gov.uk/id/region/tower-hamlets,E09000030,2001-04,392,monthly,172506,275451,211459,203036,169344,2001-04-01
Tower Hamlets,http://landregistry.data.gov.uk/id/region/tower-hamlets,E09000030,2001-05,449,monthly,176679,282777,216693,208288,173396,2001-05-01
Tower Hamlets,http://landregistry.data.gov.uk/id/region/tower-hamlets,E09000030,2001-06,510,monthly,179200,282389,218452,210391,175994,2001-06-01
Tower Hamlets,http://landregistry.data.gov.uk/id/region/tower-hamlets,E09000030,2001-07,496,monthly,182127,285551,223335,214578,178766,2001-07-01
Tower Hamlets,http://landregistry.data.gov.uk/id/region/tower-hamlets,E09000030,2001-08,482,monthly,184081,287347,225320,216620,180721,2001-08-01
Tower Hamlets,http://landregistry.data.gov.uk/id/region/tower-hamlets,E09000030,2001-09,434,monthly,185722,293612,226643,218298,182366,2001-09-01
Tower Hamlets,http://landregistry.data.gov.uk/id/region/tower-hamlets,E09000030,2001-10,383,monthly,186909,295314,227541,218569,183677,2001-10-01
Tower Hamlets,http://landregistry.data.gov.uk/id/region/tower-hamlets,E09000030,2001-11,316,monthly,188734,298015,229806,219702,185599,2001-11-01
Tower Hamlets,http://landregistry.data.gov.uk/id/region/tower-hamlets,E09000030,2001-12,338,monthly,186102,289406,225492,215273,183201,2001-12-01
Tower Hamlets,http://landregistry.data.gov.uk/id/region/tower-hamlets,E09000030,2002-01,258,monthly,186693,289123,225014,214743,183948,2002-01-01
Tower Hamlets,http://landregistry.data.gov.uk/id/region/tower-hamlets,E09000030,2002-02,297,monthly,189818,292299,227703,218269,187044,2002-02-01
Tower Hamlets,http://landregistry.data.gov.uk/id/region/tower-hamlets,E09000030,2002-03,380,monthly,194622,300290,234449,224279,191707,2002-03-01
Tower Hamlets,http://landregistry.data.gov.uk/id/region/tower-hamlets,E09000030,2002-04,416,monthly,197317,301186,236431,226496,194488,2002-04-01
Tower Hamlets,http://landregistry.data.gov.uk/id/region/tower-hamlets,E09000030,2002-05,535,monthly,198834,301574,238527,227936,196023,2002-05-01
Tower Hamlets,http://landregistry.data.gov.uk/id/region/tower-hamlets,E09000030,2002-06,462,monthly,204662,306383,244318,234205,201833,2002-06-01
Tower Hamlets,http://landregistry.data.gov.uk/id/region/tower-hamlets,E09000030,2002-07,477,monthly,206889,310645,248688,238625,203775,2002-07-01
Tower Hamlets,http://landregistry.data.gov.uk/id/region/tower-hamlets,E09000030,2002-08,502,monthly,210008,315755,252000,242108,206864,2002-08-01
Tower Hamlets,http://landregistry.data.gov.uk/id/region/tower-hamlets,E09000030,2002-09,368,monthly,211298,321762,255387,244798,207962,2002-09-01
Tower Hamlets,http://landregistry.data.gov.uk/id/region/tower-hamlets,E09000030,2002-10,354,monthly,219065,333480,264680,252463,215780,2002-10-01
Tower Hamlets,http://landregistry.data.gov.uk/id/region/tower-hamlets,E09000030,2002-11,336,monthly,221671,337355,267878,255054,218401,2002-11-01
Tower Hamlets,http://landregistry.data.gov.uk/id/region/tower-hamlets,E09000030,2002-12,330,monthly,226238,340701,272459,258911,223093,2002-12-01
Tower Hamlets,http://landregistry.data.gov.uk/id/region/tower-hamlets,E09000030,2003-01,286,monthly,226556,339709,272365,260003,223316,2003-01-01
Tower Hamlets,http://landregistry.data.gov.uk/id/region/tower-hamlets,E09000030,2003-02,233,monthly,228607,340122,274971,261787,225415,2003-02-01
Tower Hamlets,http://landregistry.data.gov.uk/id/region/tower-hamlets,E09000030,2003-03,240,monthly,227082,336293,273257,260232,223886,2003-03-01
Tower Hamlets,http://landregistry.data.gov.uk/id/region/tower-hamlets,E09000030,2003-04,225,monthly,228574,334519,275468,261044,225475,2003-04-01
Tower Hamlets,http://landregistry.data.gov.uk/id/region/tower-hamlets,E09000030,2003-05,331,monthly,228665,333027,277507,263272,225276,2003-05-01
Tower Hamlets,http://landregistry.data.gov.uk/id/region/tower-hamlets,E09000030,2003-06,298,monthly,229163,335164,277041,263516,225816,2003-06-01
Tower Hamlets,http://landregistry.data.gov.uk/id/region/tower-hamlets,E09000030,2003-07,336,monthly,226798,333407,274435,261493,223391,2003-07-01
Tower Hamlets,http://landregistry.data.gov.uk/id/region/tower-hamlets,E09000030,2003-08,361,monthly,228371,336301,275509,263030,224981,2003-08-01
Tower Hamlets,http://landregistry.data.gov.uk/id/region/tower-hamlets,E09000030,2003-09,401,monthly,227395,335274,277271,264376,223679,2003-09-01
Tower Hamlets,http://landregistry.data.gov.uk/id/region/tower-hamlets,E09000030,2003-10,451,monthly,227014,334572,276203,263832,223321,2003-10-01
Tower Hamlets,http://landregistry.data.gov.uk/id/region/tower-hamlets,E09000030,2003-11,469,monthly,227983,336013,277072,264177,224377,2003-11-01
Tower Hamlets,http://landregistry.data.gov.uk/id/region/tower-hamlets,E09000030,2003-12,461,monthly,232440,339280,279887,267662,229001,2003-12-01
Tower Hamlets,http://landregistry.data.gov.uk/id/region/tower-hamlets,E09000030,2004-01,351,monthly,233161,341069,282127,269089,229625,2004-01-01
Tower Hamlets,http://landregistry.data.gov.uk/id/region/tower-hamlets,E09000030,2004-02,345,monthly,235260,342207,285021,272066,231608,2004-02-01
Tower Hamlets,http://landregistry.data.gov.uk/id/region/tower-hamlets,E09000030,2004-03,481,monthly,231446,337835,281557,268309,227742,2004-03-01
Tower Hamlets,http://landregistry.data.gov.uk/id/region/tower-hamlets,E09000030,2004-04,496,monthly,235260,340140,285454,273710,231401,2004-04-01
Tower Hamlets,http://landregistry.data.gov.uk/id/region/tower-hamlets,E09000030,2004-05,477,monthly,237977,341696,288026,277508,234012,2004-05-01
Tower Hamlets,http://landregistry.data.gov.uk/id/region/tower-hamlets,E09000030,2004-06,516,monthly,244397,348240,295639,285244,240305,2004-06-01
Tower Hamlets,http://landregistry.data.gov.uk/id/region/tower-hamlets,E09000030,2004-07,716,monthly,244020,348447,296457,285935,239812,2004-07-01
Tower Hamlets,http://landregistry.data.gov.uk/id/region/tower-hamlets,E09000030,2004-08,568,monthly,247161,355337,301128,290411,242808,2004-08-01
Tower Hamlets,http://landregistry.data.gov.uk/id/region/tower-hamlets,E09000030,2004-09,611,monthly,247008,357775,302603,291692,242495,2004-09-01
Tower Hamlets,http://landregistry.data.gov.uk/id/region/tower-hamlets,E09000030,2004-10,405,monthly,247746,358046,301914,291029,243384,2004-10-01
Tower Hamlets,http://landregistry.data.gov.uk/id/region/tower-hamlets,E09000030,2004-11,358,monthly,246427,354984,299439,288805,242164,2004-11-01
Tower Hamlets,http://landregistry.data.gov.uk/id/region/tower-hamlets,E09000030,2004-12,470,monthly,247980,353851,299030,289184,243855,2004-12-01
Tower Hamlets,http://landregistry.data.gov.uk/id/region/tower-hamlets,E09000030,2005-01,321,monthly,250824,357015,301556,292266,246681,2005-01-01
Tower Hamlets,http://landregistry.data.gov.uk/id/region/tower-hamlets,E09000030,2005-02,311,monthly,248186,352082,298914,289586,244041,2005-02-01
Tower Hamlets,http://landregistry.data.gov.uk/id/region/tower-hamlets,E09000030,2005-03,362,monthly,247131,351980,298447,288992,242930,2005-03-01
Tower Hamlets,http://landregistry.data.gov.uk/id/region/tower-hamlets,E09000030,2005-04,389,monthly,251950,357797,304941,295056,247618,2005-04-01
Tower Hamlets,http://landregistry.data.gov.uk/id/region/tower-hamlets,E09000030,2005-05,393,monthly,249782,355318,301310,292164,245532,2005-05-01
Tower Hamlets,http://landregistry.data.gov.uk/id/region/tower-hamlets,E09000030,2005-06,398,monthly,249576,353050,300343,292510,245272,2005-06-01
Tower Hamlets,http://landregistry.data.gov.uk/id/region/tower-hamlets,E09000030,2005-07,497,monthly,240730,340583,289688,282754,236513,2005-07-01
Tower Hamlets,http://landregistry.data.gov.uk/id/region/tower-hamlets,E09000030,2005-08,421,monthly,242912,344683,292199,286027,238580,2005-08-01
Tower Hamlets,http://landregistry.data.gov.uk/id/region/tower-hamlets,E09000030,2005-09,438,monthly,242198,345531,291898,285992,237787,2005-09-01
Tower Hamlets,http://landregistry.data.gov.uk/id/region/tower-hamlets,E09000030,2005-10,453,monthly,243981,348401,293476,288166,239533,2005-10-01
Tower Hamlets,http://landregistry.data.gov.uk/id/region/tower-hamlets,E09000030,2005-11,405,monthly,248512,354138,299413,293872,243941,2005-11-01
Tower Hamlets,http://landregistry.data.gov.uk/id/region/tower-hamlets,E09000030,2005-12,412,monthly,256384,362428,306625,301813,251833,2005-12-01
Tower Hamlets,http://landregistry.data.gov.uk/id/region/tower-hamlets,E09000030,2006-01,368,monthly,259211,366789,310447,305700,254547,2006-01-01
Tower Hamlets,http://landregistry.data.gov.uk/id/region/tower-hamlets,E09000030,2006-02,325,monthly,255656,360334,305396,301289,251077,2006-02-01
Tower Hamlets,http://landregistry.data.gov.uk/id/region/tower-hamlets,E09000030,2006-03,435,monthly,251002,357261,302979,298067,246247,2006-03-01
Tower Hamlets,http://landregistry.data.gov.uk/id/region/tower-hamlets,E09000030,2006-04,373,monthly,257017,366712,310210,305215,252146,2006-04-01
Tower Hamlets,http://landregistry.data.gov.uk/id/region/tower-hamlets,E09000030,2006-05,454,monthly,260893,373237,315070,310078,255922,2006-05-01
Tower Hamlets,http://landregistry.data.gov.uk/id/region/tower-hamlets,E09000030,2006-06,566,monthly,264657,376308,318226,314010,259675,2006-06-01
Tower Hamlets,http://landregistry.data.gov.uk/id/region/tower-hamlets,E09000030,2006-07,491,monthly,263997,374997,318061,314759,258881,2006-07-01
Tower Hamlets,http://landregistry.data.gov.uk/id/region/tower-hamlets,E09000030,2006-08,509,monthly,269271,383152,325483,322904,263870,2006-08-01
Tower Hamlets,http://landregistry.data.gov.uk/id/region/tower-hamlets,E09000030,2006-09,427,monthly,274664,394396,333285,329886,269093,2006-09-01
Tower Hamlets,http://landregistry.data.gov.uk/id/region/tower-hamlets,E09000030,2006-10,445,monthly,277913,398172,336326,332726,272383,2006-10-01
Tower Hamlets,http://landregistry.data.gov.uk/id/region/tower-hamlets,E09000030,2006-11,480,monthly,281320,403314,340843,336402,275758,2006-11-01
Tower Hamlets,http://landregistry.data.gov.uk/id/region/tower-hamlets,E09000030,2006-12,436,monthly,285825,407769,345866,342116,280147,2006-12-01
Tower Hamlets,http://landregistry.data.gov.uk/id/region/tower-hamlets,E09000030,2007-01,379,monthly,290342,414825,352221,348369,284490,2007-01-01
Tower Hamlets,http://landregistry.data.gov.uk/id/region/tower-hamlets,E09000030,2007-02,365,monthly,291472,414563,352495,348527,285713,2007-02-01
Tower Hamlets,http://landregistry.data.gov.uk/id/region/tower-hamlets,E09000030,2007-03,486,monthly,294287,419273,356944,353159,288350,2007-03-01
Tower Hamlets,http://landregistry.data.gov.uk/id/region/tower-hamlets,E09000030,2007-04,432,monthly,301023,427853,364813,362456,294845,2007-04-01
Tower Hamlets,http://landregistry.data.gov.uk/id/region/tower-hamlets,E09000030,2007-05,468,monthly,311269,441288,376408,375086,304859,2007-05-01
Tower Hamlets,http://landregistry.data.gov.uk/id/region/tower-hamlets,E09000030,2007-06,490,monthly,317125,448137,382556,381915,310621,2007-06-01
Tower Hamlets,http://landregistry.data.gov.uk/id/region/tower-hamlets,E09000030,2007-07,531,monthly,323951,458757,390593,389451,317369,2007-07-01
Tower Hamlets,http://landregistry.data.gov.uk/id/region/tower-hamlets,E09000030,2007-08,456,monthly,329771,472400,400070,399071,322815,2007-08-01
Tower Hamlets,http://landregistry.data.gov.uk/id/region/tower-hamlets,E09000030,2007-09,503,monthly,330249,473810,401479,399931,323251,2007-09-01
Tower Hamlets,http://landregistry.data.gov.uk/id/region/tower-hamlets,E09000030,2007-10,450,monthly,332518,477682,403152,401542,325582,2007-10-01
Tower Hamlets,http://landregistry.data.gov.uk/id/region/tower-hamlets,E09000030,2007-11,461,monthly,328072,469302,396665,394489,321389,2007-11-01
Tower Hamlets,http://landregistry.data.gov.uk/id/region/tower-hamlets,E09000030,2007-12,384,monthly,332792,476534,401178,398898,326134,2007-12-01
Tower Hamlets,http://landregistry.data.gov.uk/id/region/tower-hamlets,E09000030,2008-01,272,monthly,330037,474173,398154,395663,323425,2008-01-01
Tower Hamlets,http://landregistry.data.gov.uk/id/region/tower-hamlets,E09000030,2008-02,248,monthly,339006,489313,409685,406356,332213,2008-02-01
Tower Hamlets,http://landregistry.data.gov.uk/id/region/tower-hamlets,E09000030,2008-03,276,monthly,347056,504569,421155,417111,340000,2008-03-01
Tower Hamlets,http://landregistry.data.gov.uk/id/region/tower-hamlets,E09000030,2008-04,215,monthly,352383,516090,429319,425082,345076,2008-04-01
Tower Hamlets,http://landregistry.data.gov.uk/id/region/tower-hamlets,E09000030,2008-05,262,monthly,351537,513432,427733,425187,344167,2008-05-01
Tower Hamlets,http://landregistry.data.gov.uk/id/region/tower-hamlets,E09000030,2008-06,275,monthly,337728,489725,409799,408710,330645,2008-06-01
Tower Hamlets,http://landregistry.data.gov.uk/id/region/tower-hamlets,E09000030,2008-07,199,monthly,330901,475785,400380,400352,323986,2008-07-01
Tower Hamlets,http://landregistry.data.gov.uk/id/region/tower-hamlets,E09000030,2008-08,253,monthly,324404,463992,392893,392935,317592,2008-08-01
Tower Hamlets,http://landregistry.data.gov.uk/id/region/tower-hamlets,E09000030,2008-09,149,monthly,319748,460862,385806,385884,313148,2008-09-01
Tower Hamlets,http://landregistry.data.gov.uk/id/region/tower-hamlets,E09000030,2008-10,144,monthly,317148,454784,380379,380535,310796,2008-10-01
Tower Hamlets,http://landregistry.data.gov.uk/id/region/tower-hamlets,E09000030,2008-11,106,monthly,294563,422230,351402,351814,288805,2008-11-01
Tower Hamlets,http://landregistry.data.gov.uk/id/region/tower-hamlets,E09000030,2008-12,130,monthly,281013,401258,336895,337201,275388,2008-12-01
Tower Hamlets,http://landregistry.data.gov.uk/id/region/tower-hamlets,E09000030,2009-01,108,monthly,275970,398470,332019,331186,270425,2009-01-01
Tower Hamlets,http://landregistry.data.gov.uk/id/region/tower-hamlets,E09000030,2009-02,121,monthly,284328,410967,341736,340884,278639,2009-02-01
Tower Hamlets,http://landregistry.data.gov.uk/id/region/tower-hamlets,E09000030,2009-03,149,monthly,290583,418539,347139,346379,284941,2009-03-01
Tower Hamlets,http://landregistry.data.gov.uk/id/region/tower-hamlets,E09000030,2009-04,115,monthly,282032,400594,336031,335909,276582,2009-04-01
Tower Hamlets,http://landregistry.data.gov.uk/id/region/tower-hamlets,E09000030,2009-05,192,monthly,280797,396470,334765,336270,275250,2009-05-01
Tower Hamlets,http://landregistry.data.gov.uk/id/region/tower-hamlets,E09000030,2009-06,260,monthly,279740,396443,335740,338000,274007,2009-06-01
Tower Hamlets,http://landregistry.data.gov.uk/id/region/tower-hamlets,E09000030,2009-07,359,monthly,271410,387817,328917,332411,265541,2009-07-01
Tower Hamlets,http://landregistry.data.gov.uk/id/region/tower-hamlets,E09000030,2009-08,299,monthly,263928,385056,325212,326899,257958,2009-08-01
Tower Hamlets,http://landregistry.data.gov.uk/id/region/tower-hamlets,E09000030,2009-09,304,monthly,271942,397439,335379,338302,265695,2009-09-01
Tower Hamlets,http://landregistry.data.gov.uk/id/region/tower-hamlets,E09000030,2009-10,258,monthly,289801,426100,358709,361877,283051,2009-10-01
Tower Hamlets,http://landregistry.data.gov.uk/id/region/tower-hamlets,E09000030,2009-11,367,monthly,306398,452641,378385,384130,299168,2009-11-01
Tower Hamlets,http://landregistry.data.gov.uk/id/region/tower-hamlets,E09000030,2009-12,434,monthly,304924,454688,379552,384577,297568,2009-12-01
Tower Hamlets,http://landregistry.data.gov.uk/id/region/tower-hamlets,E09000030,2010-01,263,monthly,304977,460773,384382,389817,297278,2010-01-01
