209_OlympicsHiddenCosts/data/tower_hamlets_ukhpi.csv
"Name","URI","Region GSS code","Period","Sales volume","Reporting period","Average price All property types","Average price Detached houses","Average price Semi-detached houses","Average price Terraced houses","Average price Flats and maisonettes","Pivotable date"
Tower Hamlets,http://landregistry.data.gov.uk/id/region/tower-hamlets,E09000030,2010-02,263,monthly,306989,467591,391302,394855,299073,2010-02-01
Tower Hamlets,http://landregistry.data.gov.uk/id/region/tower-hamlets,E09000030,2010-03,299,monthly,313882,477519,399512,402861,305870,2010-03-01
Tower Hamlets,http://landregistry.data.gov.uk/id/region/tower-hamlets,E09000030,2010-04,291,monthly,317206,480042,401455,404141,309317,2010-04-01
Tower Hamlets,http://landregistry.data.gov.uk/id/region/tower-hamlets,E09000030,2010-05,343,monthly,312681,475624,393548,397348,304981,2010-05-01
Tower Hamlets,http://landregistry.data.gov.uk/id/region/tower-hamlets,E09000030,2010-06,395,monthly,311135,476230,393858,398203,303273,2010-06-01
Tower Hamlets,http://landregistry.data.gov.uk/id/region/tower-hamlets,E09000030,2010-07,389,monthly,308377,479594,392435,397791,300365,2010-07-01
Tower Hamlets,http://landregistry.data.gov.uk/id/region/tower-hamlets,E09000030,2010-08,277,monthly,312037,485031,399262,404178,303810,2010-08-01
Tower Hamlets,http://landregistry.data.gov.uk/id/region/tower-hamlets,E09000030,2010-09,300,monthly,309656,482957,396555,401590,301457,2010-09-01
Tower Hamlets,http://landregistry.data.gov.uk/id/region/tower-hamlets,E09000030,2010-10,271,monthly,311788,481390,398046,401808,303707,2010-10-01
Tower Hamlets,http://landregistry.data.gov.uk/id/region/tower-hamlets,E09000030,2010-11,391,monthly,307598,475149,391837,394246,299772,2010-11-01
Tower Hamlets,http://landregistry.data.gov.uk/id/region/tower-hamlets,E09000030,2010-12,286,monthly,308267,477011,392556,394016,300496,2010-12-01
Tower Hamlets,http://landregistry.data.gov.uk/id/region/tower-hamlets,E09000030,2011-01,260,monthly,311115,482368,395074,397844,303264,2011-01-01
Tower Hamlets,http://landregistry.data.gov.uk/id/region/tower-hamlets,E09000030,2011-02,209,monthly,314624,486059,396849,400950,306804,2011-02-01
Tower Hamlets,http://landregistry.data.gov.uk/id/region/tower-hamlets,E09000030,2011-03,270,monthly,319745,494096,400965,406652,311872,2011-03-01
Tower Hamlets,http://landregistry.data.gov.uk/id/region/tower-hamlets,E09000030,2011-04,214,monthly,321563,496079,401408,407697,313746,2011-04-01
Tower Hamlets,http://landregistry.data.gov.uk/id/region/tower-hamlets,E09000030,2011-05,279,monthly,318504,488902,395881,402457,310873,2011-05-01
Tower Hamlets,http://landregistry.data.gov.uk/id/region/tower-hamlets,E09000030,2011-06,345,monthly,309720,473732,385263,391212,302310,2011-06-01
Tower Hamlets,http://landregistry.data.gov.uk/id/region/tower-hamlets,E09000030,2011-07,390,monthly,304446,462239,378163,384200,297194,2011-07-01
Tower Hamlets,http://landregistry.data.gov.uk/id/region/tower-hamlets,E09000030,2011-08,307,monthly,309614,474283,389691,395495,301862,2011-08-01
Tower Hamlets,http://landregistry.data.gov.uk/id/region/tower-hamlets,E09000030,2011-09,262,monthly,317074,489816,401913,407605,308931,2011-09-01
Tower Hamlets,http://landregistry.data.gov.uk/id/region/tower-hamlets,E09000030,2011-10,255,monthly,318995,498466,408210,411844,310651,2011-10-01
Tower Hamlets,http://landregistry.data.gov.uk/id/region/tower-hamlets,E09000030,2011-11,321,monthly,320643,498912,408338,411043,312480,2011-11-01
Tower Hamlets,http://landregistry.data.gov.uk/id/region/tower-hamlets,E09000030,2011-12,250,monthly,318010,493344,402574,404987,310120,2011-12-01
Tower Hamlets,http://landregistry.data.gov.uk/id/region/tower-hamlets,E09000030,2012-01,209,monthly,316100,491105,400933,403896,308157,2012-01-01
Tower Hamlets,http://landregistry.data.gov.uk/id/region/tower-hamlets,E09000030,2012-02,246,monthly,309192,483807,394016,399471,301097,2012-02-01
Tower Hamlets,http://landregistry.data.gov.uk/id/region/tower-hamlets,E09000030,2012-03,354,monthly,304499,476245,389544,396039,296326,2012-03-01
Tower Hamlets,http://landregistry.data.gov.uk/id/region/tower-hamlets,E09000030,2012-04,229,monthly,302374,471571,384528,391992,294357,2012-04-01
Tower Hamlets,http://landregistry.data.gov.uk/id/region/tower-hamlets,E09000030,2012-05,332,monthly,300543,465781,380090,386517,292801,2012-05-01
Tower Hamlets,http://landregistry.data.gov.uk/id/region/tower-hamlets,E09000030,2012-06,371,monthly,309999,479817,391580,399953,301927,2012-06-01
Tower Hamlets,http://landregistry.data.gov.uk/id/region/tower-hamlets,E09000030,2012-07,388,monthly,311173,482453,394286,404581,302850,2012-07-01
Tower Hamlets,http://landregistry.data.gov.uk/id/region/tower-hamlets,E09000030,2012-08,330,monthly,318743,497234,406662,418176,309945,2012-08-01
Tower Hamlets,http://landregistry.data.gov.uk/id/region/tower-hamlets,E09000030,2012-09,316,monthly,317437,498420,406242,418062,308558,2012-09-01
Tower Hamlets,http://landregistry.data.gov.uk/id/region/tower-hamlets,E09000030,2012-10,302,monthly,322807,507224,412645,423367,313901,2012-10-01
Tower Hamlets,http://landregistry.data.gov.uk/id/region/tower-hamlets,E09000030,2012-11,296,monthly,322711,507121,411669,421860,313905,2012-11-01
Tower Hamlets,http://landregistry.data.gov.uk/id/region/tower-hamlets,E09000030,2012-12,223,monthly,324637,510662,414208,422329,315918,2012-12-01
Tower Hamlets,http://landregistry.data.gov.uk/id/region/tower-hamlets,E09000030,2013-01,305,monthly,322706,508585,414524,422076,313873,2013-01-01
Tower Hamlets,http://landregistry.data.gov.uk/id/region/tower-hamlets,E09000030,2013-02,253,monthly,323403,510411,416893,424844,314418,2013-02-01
Tower Hamlets,http://landregistry.data.gov.uk/id/region/tower-hamlets,E09000030,2013-03,348,monthly,315233,496907,406818,413925,306481,2013-03-01
Tower Hamlets,http://landregistry.data.gov.uk/id/region/tower-hamlets,E09000030,2013-04,276,monthly,320374,505544,411654,419123,311588,2013-04-01
Tower Hamlets,http://landregistry.data.gov.uk/id/region/tower-hamlets,E09000030,2013-05,299,monthly,321753,504946,411355,419160,313054,2013-05-01
Tower Hamlets,http://landregistry.data.gov.uk/id/region/tower-hamlets,E09000030,2013-06,334,monthly,334018,523680,426966,437380,324839,2013-06-01
Tower Hamlets,http://landregistry.data.gov.uk/id/region/tower-hamlets,E09000030,2013-07,451,monthly,336393,526268,430144,441772,327063,2013-07-01
Tower Hamlets,http://landregistry.data.gov.uk/id/region/tower-hamlets,E09000030,2013-08,469,monthly,339601,534467,436059,448367,330017,2013-08-01
Tower Hamlets,http://landregistry.data.gov.uk/id/region/tower-hamlets,E09000030,2013-09,414,monthly,342350,539919,439975,451338,332731,2013-09-01
Tower Hamlets,http://landregistry.data.gov.uk/id/region/tower-hamlets,E09000030,2013-10,398,monthly,356246,564805,457948,468338,346323,2013-10-01
Tower Hamlets,http://landregistry.data.gov.uk/id/region/tower-hamlets,E09000030,2013-11,486,monthly,372948,591389,479507,487839,362722,2013-11-01
Tower Hamlets,http://landregistry.data.gov.uk/id/region/tower-hamlets,E09000030,2013-12,397,monthly,386044,611118,495543,503767,375542,2013-12-01
Tower Hamlets,http://landregistry.data.gov.uk/id/region/tower-hamlets,E09000030,2014-01,430,monthly,389954,617604,501636,509522,379298,2014-01-01
Tower Hamlets,http://landregistry.data.gov.uk/id/region/tower-hamlets,E09000030,2014-02,426,monthly,396060,629565,511006,518283,385181,2014-02-01
Tower Hamlets,http://landregistry.data.gov.uk/id/region/tower-hamlets,E09000030,2014-03,525,monthly,403735,645660,523813,529468,392557,2014-03-01
Tower Hamlets,http://landregistry.data.gov.uk/id/region/tower-hamlets,E09000030,2014-04,466,monthly,412951,659991,536766,543221,401437,2014-04-01
Tower Hamlets,http://landregistry.data.gov.uk/id/region/tower-hamlets,E09000030,2014-05,438,monthly,417336,664810,540704,549164,405696,2014-05-01
Tower Hamlets,http://landregistry.data.gov.uk/id/region/tower-hamlets,E09000030,2014-06,466,monthly,419435,670898,543857,552758,407694,2014-06-01
Tower Hamlets,http://landregistry.data.gov.uk/id/region/tower-hamlets,E09000030,2014-07,421,monthly,417663,672054,543007,551883,405897,2014-07-01
Tower Hamlets,http://landregistry.data.gov.uk/id/region/tower-hamlets,E09000030,2014-08,405,monthly,423896,687646,554404,563251,411795,2014-08-01
Tower Hamlets,http://landregistry.data.gov.uk/id/region/tower-hamlets,E09000030,2014-09,400,monthly,430188,695186,563658,573522,417816,2014-09-01
Tower Hamlets,http://landregistry.data.gov.uk/id/region/tower-hamlets,E09000030,2014-10,472,monthly,441146,711200,577522,585972,428563,2014-10-01
Tower Hamlets,http://landregistry.data.gov.uk/id/region/tower-hamlets,E09000030,2014-11,397,monthly,438786,706674,575243,581576,426328,2014-11-01
Tower Hamlets,http://landregistry.data.gov.uk/id/region/tower-hamlets,E09000030,2014-12,334,monthly,444045,715514,580918,586271,431549,2014-12-01
Tower Hamlets,http://landregistry.data.gov.uk/id/region/tower-hamlets,E09000030,2015-01,276,monthly,447028,720566,585300,590400,434438,2015-01-01
Tower Hamlets,http://landregistry.data.gov.uk/id/region/tower-hamlets,E09000030,2015-02,251,monthly,449433,719858,584877,592024,436871,2015-02-01
Tower Hamlets,http://landregistry.data.gov.uk/id/region/tower-hamlets,E09000030,2015-03,406,monthly,445219,712610,577108,585074,432878,2015-03-01
Tower Hamlets,http://landregistry.data.gov.uk/id/region/tower-hamlets,E09000030,2015-04,328,monthly,449002,719499,581503,590880,436505,2015-04-01
Tower Hamlets,http://landregistry.data.gov.uk/id/region/tower-hamlets,E09000030,2015-05,401,monthly,463623,743803,599661,609546,450755,2015-05-01
Tower Hamlets,http://landregistry.data.gov.uk/id/region/tower-hamlets,E09000030,2015-06,400,monthly,471684,761877,616901,625142,458265,2015-06-01
Tower Hamlets,http://landregistry.data.gov.uk/id/region/tower-hamlets,E09000030,2015-07,379,monthly,468385,756270,611991,620850,455057,2015-07-01
Tower Hamlets,http://landregistry.data.gov.uk/id/region/tower-hamlets,E09000030,2015-08,368,monthly,460865,748464,605473,614320,447528,2015-08-01
Tower Hamlets,http://landregistry.data.gov.uk/id/region/tower-hamlets,E09000030,2015-09,362,monthly,463000,750650,605877,615539,449706,2015-09-01
Tower Hamlets,http://landregistry.data.gov.uk/id/region/tower-hamlets,E09000030,2015-10,390,monthly,468623,763103,615007,623635,455122,2015-10-01
Tower Hamlets,http://landregistry.data.gov.uk/id/region/tower-hamlets,E09000030,2015-11,313,monthly,483790,788084,636545,643034,469897,2015-11-01
Tower Hamlets,http://landregistry.data.gov.uk/id/region/tower-hamlets,E09000030,2015-12,309,monthly,487530,799446,642219,647632,473544,2015-12-01
Tower Hamlets,http://landregistry.data.gov.uk/id/region/tower-hamlets,E09000030,2016-01,244,monthly,503590,823788,664153,669055,489139,2016-01-01
Tower Hamlets,http://landregistry.data.gov.uk/id/region/tower-hamlets,E09000030,2016-02,330,monthly,505402,834129,667324,672455,490827,2016-02-01
Tower Hamlets,http://landregistry.data.gov.uk/id/region/tower-hamlets,E09000030,2016-03,615,monthly,515287,848374,677137,686104,500405,2016-03-01
Tower Hamlets,http://landregistry.data.gov.uk/id/region/tower-hamlets,E09000030,2016-04,192,monthly,501379,830571,657387,665505,487021,2016-04-01
Tower Hamlets,http://landregistry.data.gov.uk/id/region/tower-hamlets,E09000030,2016-05,295,monthly,494442,810434,643246,651965,480571,2016-05-01
Tower Hamlets,http://landregistry.data.gov.uk/id/region/tower-hamlets,E09000030,2016-06,542,monthly,482696,792060,628288,633962,469307,2016-06-01
Tower Hamlets,http://landregistry.data.gov.uk/id/region/tower-hamlets,E09000030,2016-07,463,monthly,486813,796016,635452,640875,473218,2016-07-01
Tower Hamlets,http://landregistry.data.gov.uk/id/region/tower-hamlets,E09000030,2016-08,393,monthly,493197,809740,646674,650251,479354,2016-08-01
Tower Hamlets,http://landregistry.data.gov.uk/id/region/tower-hamlets,E09000030,2016-09,407,monthly,509034,832744,667734,670788,494772,2016-09-01
Tower Hamlets,http://landregistry.data.gov.uk/id/region/tower-hamlets,E09000030,2016-10,367,monthly,510843,832916,666770,668245,496846,2016-10-01
Tower Hamlets,http://landregistry.data.gov.uk/id/region/tower-hamlets,E09000030,2016-11,373,monthly,513597,839443,670529,668629,499723,2016-11-01
Tower Hamlets,http://landregistry.data.gov.uk/id/region/tower-hamlets,E09000030,2016-12,380,monthly,505397,828277,659679,655316,491906,2016-12-01
Tower Hamlets,http://landregistry.data.gov.uk/id/region/tower-hamlets,E09000030,2017-01,378,monthly,503104,825439,657181,652333,489673,2017-01-01
Tower Hamlets,http://landregistry.data.gov.uk/id/region/tower-hamlets,E09000030,2017-02,383,monthly,516139,840356,671003,666380,502500,2017-02-01
Tower Hamlets,http://landregistry.data.gov.uk/id/region/tower-hamlets,E09000030,2017-03,284,monthly,507990,825085,660585,653841,494664,2017-03-01
Tower Hamlets,http://landregistry.data.gov.uk/id/region/tower-hamlets,E09000030,2017-04,268,monthly,510664,829990,663575,656051,497325,2017-04-01
Tower Hamlets,http://landregistry.data.gov.uk/id/region/tower-hamlets,E09000030,2017-05,314,monthly,492277,801261,640638,631236,479472,2017-05-01
Tower Hamlets,http://landregistry.data.gov.uk/id/region/tower-hamlets,E09000030,2017-06,344,monthly,496555,806367,645684,637767,483592,2017-06-01
Tower Hamlets,http://landregistry.data.gov.uk/id/region/tower-hamlets,E09000030,2017-07,245,monthly,493069,799207,641746,633898,480169,2017-07-01
Tower Hamlets,http://landregistry.data.gov.uk/id/region/tower-hamlets,E09000030,2017-08,301,monthly,489222,791384,636605,633742,476201,2017-08-01
Tower Hamlets,http://landregistry.data.gov.uk/id/region/tower-hamlets,E09000030,2017-09,284,monthly,498363,807659,649924,647187,485021,2017-09-01
Tower Hamlets,http://landregistry.data.gov.uk/id/region/tower-hamlets,E09000030,2017-10,239,monthly,514680,836745,673777,670777,500784,2017-10-01
Tower Hamlets,http://landregistry.data.gov.uk/id/region/tower-hamlets,E09000030,2017-11,220,monthly,516800,844617,679023,673106,502859,2017-11-01
Tower Hamlets,http://landregistry.data.gov.uk/id/region/tower-hamlets,E09000030,2017-12,304,monthly,511132,838464,671194,666067,497326,2017-12-01
Tower Hamlets,http://landregistry.data.gov.uk/id/region/tower-hamlets,E09000030,2018-01,208,monthly,491512,803108,642848,638293,478344,2018-01-01
Tower Hamlets,http://landregistry.data.gov.uk/id/region/tower-hamlets,E09000030,2018-02,209,monthly,487625,791145,631589,630675,474681,2018-02-01
Tower Hamlets,http://landregistry.data.gov.uk/id/region/tower-hamlets,E09000030,2018-03,259,monthly,490011,795130,637113,635312,476955,2018-03-01
Tower Hamlets,http://landregistry.data.gov.uk/id/region/tower-hamlets,E09000030,2018-04,188,monthly,500468,816202,653029,653244,486963,2018-04-01
Tower Hamlets,http://landregistry.data.gov.uk/id/region/tower-hamlets,E09000030,2018-05,218,monthly,509884,842360,675193,673455,495804,2018-05-01
Tower Hamlets,http://landregistry.data.gov.uk/id/region/tower-hamlets,E09000030,2018-06,257,monthly,498827,821651,659612,659497,485031,2018-06-01
Tower Hamlets,http://landregistry.data.gov.uk/id/region/tower-hamlets,E09000030,2018-07,332,monthly,492845,814166,652929,653859,479127,2018-07-01
Tower Hamlets,http://landregistry.data.gov.uk/id/region/tower-hamlets,E09000030,2018-08,364,monthly,483913,793636,637170,640683,470503,2018-08-01
Tower Hamlets,http://landregistry.data.gov.uk/id/region/tower-hamlets,E09000030,2018-09,328,monthly,484700,801002,642915,643723,471182,2018-09-01
Tower Hamlets,http://landregistry.data.gov.uk/id/region/tower-hamlets,E09000030,2018-10,297,monthly,478619,788733,633392,632225,465401,2018-10-01
Tower Hamlets,http://landregistry.data.gov.uk/id/region/tower-hamlets,E09000030,2018-11,280,monthly,481653,803025,642763,639671,468211,2018-11-01
Tower Hamlets,http://landregistry.data.gov.uk/id/region/tower-hamlets,E09000030,2018-12,314,monthly,481651,794991,634901,637243,468317,2018-12-01
Tower Hamlets,http://landregistry.data.gov.uk/id/region/tower-hamlets,E09000030,2019-01,236,monthly,476574,790021,630254,631584,463335,2019-01-01
Tower Hamlets,http://landregistry.data.gov.uk/id/region/tower-hamlets,E09000030,2019-02,228,monthly,469428,770190,615863,617779,456566,2019-02-01
Tower Hamlets,http://landregistry.data.gov.uk/id/region/tower-hamlets,E09000030,2019-03,276,monthly,470929,779153,623458,622168,457894,2019-03-01
Tower Hamlets,http://landregistry.data.gov.uk/id/region/tower-hamlets,E09000030,2019-04,214,monthly,474919,786292,629682,629654,461646,2019-04-01
Tower Hamlets,http://landregistry.data.gov.uk/id/region/tower-hamlets,E09000030,2019-05,254,monthly,469685,781534,626356,625982,456365,2019-05-01
Tower Hamlets,http://landregistry.data.gov.uk/id/region/tower-hamlets,E09000030,2019-06,257,monthly,470396,782096,627172,628583,456964,2019-06-01
Tower Hamlets,http://landregistry.data.gov.uk/id/region/tower-hamlets,E09000030,2019-07,399,monthly,476509,790552,633179,635748,462963,2019-07-01
Tower Hamlets,http://landregistry.data.gov.uk/id/region/tower-hamlets,E09000030,2019-08,416,monthly,486386,810113,645766,652599,472355,2019-08-01
Tower Hamlets,http://landregistry.data.gov.uk/id/region/tower-hamlets,E09000030,2019-09,291,monthly,494350,821496,654301,663229,480097,2019-09-01
Tower Hamlets,http://landregistry.data.gov.uk/id/region/tower-hamlets,E09000030,2019-10,268,monthly,495470,821642,658859,666657,481071,2019-10-01
Tower Hamlets,http://landregistry.data.gov.uk/id/region/tower-hamlets,E09000030,2019-11,244,monthly,495060,822800,663122,664780,480737,2019-11-01
Tower Hamlets,http://landregistry.data.gov.uk/id/region/tower-hamlets,E09000030,2019-12,234,monthly,498435,832007,672388,670609,483932,2019-12-01
Tower Hamlets,http://landregistry.data.gov.uk/id/region/tower-hamlets,E09000030,2020-01,289,monthly,507479,848867,684588,683200,492688,2020-01-01
Tower Hamlets,http://landregistry.data.gov.uk/id/region/tower-hamlets,E09000030,2020-02,270,monthly,520113,893482,707272,706272,504721,2020-02-01
